wksp.getEventList(0).getNumberEvents() == 21
wksp.getEventList(1).getNumberEvents() == 23
