wksp.id() == "EventWorkspace"
wksp.getNumberEvents() == 17926980
