wksp.id() == "EventWorkspace"
wksp.getNumberEvents() == 14012522
